[    1576ms] [ERROR] Loading the stylesheet 'https://fonts.googleapis.com/css2?family=Amatic+SC:wght@400;700&family=Roboto:wght@400;500;700&display=swap' violates the following Content Security Policy directive: "style-src 'self' 'unsafe-inline'". Note that 'style-src-elem' was not explicitly set, so 'style-src' is used as a fallback. The action has been blocked. @ http://localhost:4322/menu:8375
[    2166ms] [ERROR] Loading the stylesheet 'https://fonts.googleapis.com/css2?family=Amatic+SC:wght@400;700&family=Roboto:wght@400;500;700&display=swap' violates the following Content Security Policy directive: "style-src 'self' 'unsafe-inline'". Note that 'style-src-elem' was not explicitly set, so 'style-src' is used as a fallback. The action has been blocked. @ http://localhost:4322/@vite/client:1809
[    4267ms] [ERROR] Connecting to 'https://api.iconify.design/lucide.json?icons=bowl-food' violates the following Content Security Policy directive: "connect-src 'self' http://127.0.0.1:8080 https://imagedelivery.net". The action has been blocked. @ http://localhost:4322/node_modules/.pnpm/@iconify+svelte@5.2.1_svelte@5.55.4/node_modules/@iconify/svelte/dist/functions.js?v=34fc809c:768
[    4267ms] [ERROR] Fetch API cannot load https://api.iconify.design/lucide.json?icons=bowl-food. Refused to connect because it violates the document's Content Security Policy. @ http://localhost:4322/node_modules/.pnpm/@iconify+svelte@5.2.1_svelte@5.55.4/node_modules/@iconify/svelte/dist/functions.js?v=34fc809c:768
[    4268ms] [ERROR] Connecting to 'https://api.simplesvg.com/lucide.json?icons=bowl-food' violates the following Content Security Policy directive: "connect-src 'self' http://127.0.0.1:8080 https://imagedelivery.net". The action has been blocked. @ http://localhost:4322/node_modules/.pnpm/@iconify+svelte@5.2.1_svelte@5.55.4/node_modules/@iconify/svelte/dist/functions.js?v=34fc809c:768
[    4269ms] [ERROR] Fetch API cannot load https://api.simplesvg.com/lucide.json?icons=bowl-food. Refused to connect because it violates the document's Content Security Policy. @ http://localhost:4322/node_modules/.pnpm/@iconify+svelte@5.2.1_svelte@5.55.4/node_modules/@iconify/svelte/dist/functions.js?v=34fc809c:768
[    4269ms] [ERROR] Connecting to 'https://api.unisvg.com/lucide.json?icons=bowl-food' violates the following Content Security Policy directive: "connect-src 'self' http://127.0.0.1:8080 https://imagedelivery.net". The action has been blocked. @ http://localhost:4322/node_modules/.pnpm/@iconify+svelte@5.2.1_svelte@5.55.4/node_modules/@iconify/svelte/dist/functions.js?v=34fc809c:768
[    4269ms] [ERROR] Fetch API cannot load https://api.unisvg.com/lucide.json?icons=bowl-food. Refused to connect because it violates the document's Content Security Policy. @ http://localhost:4322/node_modules/.pnpm/@iconify+svelte@5.2.1_svelte@5.55.4/node_modules/@iconify/svelte/dist/functions.js?v=34fc809c:768
[   42035ms] [ERROR] Loading the stylesheet 'https://fonts.googleapis.com/css2?family=Amatic+SC:wght@400;700&family=Roboto:wght@400;500;700&display=swap' violates the following Content Security Policy directive: "style-src 'self' 'unsafe-inline'". Note that 'style-src-elem' was not explicitly set, so 'style-src' is used as a fallback. The action has been blocked. @ http://localhost:4322/menu:8375
[   42081ms] [ERROR] Loading the stylesheet 'https://fonts.googleapis.com/css2?family=Amatic+SC:wght@400;700&family=Roboto:wght@400;500;700&display=swap' violates the following Content Security Policy directive: "style-src 'self' 'unsafe-inline'". Note that 'style-src-elem' was not explicitly set, so 'style-src' is used as a fallback. The action has been blocked. @ http://localhost:4322/@vite/client:1809
[   42608ms] [ERROR] Connecting to 'https://api.iconify.design/lucide.json?icons=bowl-food' violates the following Content Security Policy directive: "connect-src 'self' http://127.0.0.1:8080 https://imagedelivery.net". The action has been blocked. @ http://localhost:4322/node_modules/.pnpm/@iconify+svelte@5.2.1_svelte@5.55.4/node_modules/@iconify/svelte/dist/functions.js?v=34fc809c:768
[   42608ms] [ERROR] Fetch API cannot load https://api.iconify.design/lucide.json?icons=bowl-food. Refused to connect because it violates the document's Content Security Policy. @ http://localhost:4322/node_modules/.pnpm/@iconify+svelte@5.2.1_svelte@5.55.4/node_modules/@iconify/svelte/dist/functions.js?v=34fc809c:768
[   42609ms] [ERROR] Connecting to 'https://api.simplesvg.com/lucide.json?icons=bowl-food' violates the following Content Security Policy directive: "connect-src 'self' http://127.0.0.1:8080 https://imagedelivery.net". The action has been blocked. @ http://localhost:4322/node_modules/.pnpm/@iconify+svelte@5.2.1_svelte@5.55.4/node_modules/@iconify/svelte/dist/functions.js?v=34fc809c:768
[   42609ms] [ERROR] Fetch API cannot load https://api.simplesvg.com/lucide.json?icons=bowl-food. Refused to connect because it violates the document's Content Security Policy. @ http://localhost:4322/node_modules/.pnpm/@iconify+svelte@5.2.1_svelte@5.55.4/node_modules/@iconify/svelte/dist/functions.js?v=34fc809c:768
[   42609ms] [ERROR] Connecting to 'https://api.unisvg.com/lucide.json?icons=bowl-food' violates the following Content Security Policy directive: "connect-src 'self' http://127.0.0.1:8080 https://imagedelivery.net". The action has been blocked. @ http://localhost:4322/node_modules/.pnpm/@iconify+svelte@5.2.1_svelte@5.55.4/node_modules/@iconify/svelte/dist/functions.js?v=34fc809c:768
[   42609ms] [ERROR] Fetch API cannot load https://api.unisvg.com/lucide.json?icons=bowl-food. Refused to connect because it violates the document's Content Security Policy. @ http://localhost:4322/node_modules/.pnpm/@iconify+svelte@5.2.1_svelte@5.55.4/node_modules/@iconify/svelte/dist/functions.js?v=34fc809c:768
[   77189ms] ReferenceError: categoryList is not defined

	in <unknown>
	in MenuCatalog.svelte
	in undefined

    at http://localhost:4322/src/features/catalog/components/MenuCatalog.svelte:687:53
    at http://localhost:4322/node_modules/.vite/deps/chunk-RBKEPVMU.js?v=34fc809c:1508:22
    at update_reaction (http://localhost:4322/node_modules/.vite/deps/chunk-WV73F3T7.js?v=34fc809c:4000:18)
    at update_effect (http://localhost:4322/node_modules/.vite/deps/chunk-WV73F3T7.js?v=34fc809c:4141:21)
    at create_effect (http://localhost:4322/node_modules/.vite/deps/chunk-WV73F3T7.js?v=34fc809c:3482:7)
    at block (http://localhost:4322/node_modules/.vite/deps/chunk-WV73F3T7.js?v=34fc809c:3648:17)
    at Module.snippet (http://localhost:4322/node_modules/.vite/deps/chunk-RBKEPVMU.js?v=34fc809c:1507:3)
    at http://localhost:4322/src/features/catalog/components/MenuCatalog.svelte:687:30
    at Module.add_svelte_meta (http://localhost:4322/node_modules/.vite/deps/chunk-WV73F3T7.js?v=34fc809c:591:12)
    at consequent_6 (http://localhost:4322/src/features/catalog/components/MenuCatalog.svelte:687:6)
